<html>
<body>
<pre>
<h1>µVision Build Log</h1>
<h2>Project:</h2>
D:\UT.6.10x\Labware\Lab7_HeartBlock\Lab7.uvproj
Project File Date:  04/28/2019

<h2>Output:</h2>
Build target 'Lab7'
linking...
Program Size: Code=4284 RO-data=6156 RW-data=80 ZI-data=1752  
".\Lab7.axf" - 0 Error(s), 0 Warning(s).
Load "D:\\UT.6.10x\\Labware\\Lab7_HeartBlock\\Lab7.axf" 
Connecting: Mode=JTAG, Speed=1000000Hz
Connection failed!, error code=&d
Error: Flash Download failed  -  Target DLL has been cancelled
Load "D:\\UT.6.10x\\Labware\\Lab7_HeartBlock\\Lab7.axf" 
Connecting: Mode=JTAG, Speed=1000000Hz
Erase Done.
Programming Done.
Verify OK.
Error: Target DLL has been cancelled. Debugger aborted !
Load "D:\\UT.6.10x\\Labware\\Lab7_HeartBlock\\Lab7.axf" 
Connecting: Mode=JTAG, Speed=1000000Hz
Erase Done.
Programming Done.
Verify OK.
Load "D:\\UT.6.10x\\Labware\\Lab7_HeartBlock\\Lab7.axf" 
Connecting: Mode=JTAG, Speed=1000000Hz
Erase Done.
Programming Done.
Verify OK.
Error: Target DLL has been cancelled. Debugger aborted !
Load "D:\\UT.6.10x\\Labware\\Lab7_HeartBlock\\Lab7.axf" 
Connecting: Mode=JTAG, Speed=1000000Hz
Erase Done.
Programming Done.
Verify OK.
</pre>
</body>
</html>
