<html>
<body>
<pre>
<h1>µVision Build Log</h1>
<h2>Project:</h2>
D:\UT.6.10x\Labware\Lab8_SwitchLEDinterface\Lab8.uvproj
Project File Date:  05/09/2019

<h2>Output:</h2>
Build target 'Lab8'
linking...
Program Size: Code=4092 RO-data=6628 RW-data=60 ZI-data=1756  
".\Lab8.axf" - 0 Error(s), 0 Warning(s).
</pre>
</body>
</html>
ing(s).
Load "D:\\UT.6.10x\\Labware\\Lab8_SwitchLEDinterface\\Lab8.axf" 
Connecting: Mode=JTAG, Speed=1000000Hz
Erase Done.
Programming Done.
Verify OK.
Load "D:\\UT.6.10x\\Labware\\Lab8_SwitchLEDinterface\\Lab8.axf" 
Connecting: Mode=JTAG, Speed=1000000Hz
Erase Done.
Programming Done.
Verify OK.
e\Lab8_SwitchLEDinterface\Lab8.axf'
