<html>
<body>
<pre>
<h1>µVision Build Log</h1>
<h2>Project:</h2>
D:\UT.6.10x\Test code\Test_1.uvproj
Project File Date:  04/22/2019

<h2>Output:</h2>
Build target 'Target 1'
linking...
Program Size: Code=1124 RO-data=32 RW-data=4 ZI-data=1124  
".\Test_1.axf" - 0 Error(s), 0 Warning(s).
Load "D:\\UT.6.10x\\Test code\\Test_1.axf" 
Connecting: Mode=JTAG, Speed=1000000Hz
Erase Done.
Programming Done.
Verify OK.
</pre>
</body>
</html>
\Test code\\Test_1.axf" 
Connecting: Mode=JTAG, Speed=1000000Hz
Erase Done.
Programming Done.
Verify OK.
rror 56: cannot open file
Error: Flash Download failed  -  Could not load file 'D:\UT.6.10x\Test code\Test_1.axf'
