<html>
<body>
<pre>
<h1>µVision Build Log</h1>
<h2>Project:</h2>
C:\Keil\TExaSware\C5_Keil_Starter\Intro.uvproj
Project File Date:  04/07/2019

<h2>Output:</h2>
Build target 'Intro'
compiling main.c...
main.c(31): warning:  #187-D: use of "=" where "==" may have been intended
        else if(side=0){
main.c: 1 warning, 0 errors
linking...
Program Size: Code=3472 RO-data=96 RW-data=16 ZI-data=1024  
".\intro.axf" - 0 Error(s), 1 Warning(s).
</pre>
</body>
</html>
_area"
  }
main.c(26): warning:  #177-D: variable "result" was declared but never referenced
        uint32_t result;
main.c(27): warning:  #177-D: variable "ext_state" was declared but never referenced
        uint8_t ext_state
main.c: 4 warnings, 1 error
".\intro.axf" - 1 Error(s), 4 Warning(s).
Target not created
